;;; `NDC35900L.map'
;;; Balsa cell name mapping file
;;; Created: Wed May  9 14:46:08 CEST 2012
;;; By: tg@slmpEee (Linux)
;;; With net-net version: 4.0

;;; current mapping count
53

;;; current mappings 
("Balsa_String_s27_r_5b0_5d_2br_5b1_5das_3d_20" . "Balsa_String_s27_r_5b0_5d_2br_5b1_5das_3d__m21m")
("Balsa_String_s34_r_5b0_5d_2br_5b1_5d_20_20_20_3d_20" . "Balsa_String_s34_r_5b0_5d_2br_5b1_5d_20_20_m20m")
("Balsa_NumberToString_l32__28numeric_2dtype_20_23t_2017_29" . "Balsa_NumberToString_l32__28numeric_2dtype_m19m")
("Balsa_NumberToString_l32__28numeric_2dtype_20_23f_2016_29" . "Balsa_NumberToString_l32__28numeric_2dtype_m18m")
("BrzFalseVariable_48_14_s173_0_2e_2e15_3b16_2e_2e31_3b0_2e_2e15_3b16_2e_2e31_3b32_2e_2e47_3b16_2e_2e31_3b32_2e_2e47_3b0_2e_2e15_3b0_2e_2e15_3b32_2e_2e47_3b0_2e_2e15_3b32_2e_2e47_3b16_2e_2e31_3b0_2e_2e15" . "BrzFalseVariable_48_14_s173_0_2e_2e15_3b16_m17m")
("BrzFalseVariable_48_4_s48_0_2e_2e15_3b16_2e_2e31_3b32_2e_2e47_3b16_2e_2e31" . "BrzFalseVariable_48_4_s48_0_2e_2e15_3b16_2_m16m")
("BrzFalseVariable_33_2_s22_16_2e_2e32_3b0_2e_2e15" . "BrzFalseVariable_33_2_s22_16_2e_2e32_3b0_2_m15m")
("BrzFalseVariable_32_3_s34_16_2e_2e31_3b0_2e_2e15_3b0_2e_2e15" . "BrzFalseVariable_32_3_s34_16_2e_2e31_3b0_2_m14m")
("BrzFalseVariable_32_2_s22_0_2e_2e15_3b16_2e_2e31" . "BrzFalseVariable_32_2_s22_0_2e_2e15_3b16_2_m13m")
("BrzFalseVariable_21_7_s84_17_2e_2e20_3b0_2e_2e15_3b0_2e_2e15_3b0_2e_2e15_3b0_2e_2e15_3b17_2e_2e20_3b16_2e_2e16" . "BrzFalseVariable_21_7_s84_17_2e_2e20_3b0_2_m12m")
("BrzCase_4_10_s67_12_2c14_2c10_2c9_2c13_2c11_2c15_3b0_3b1_3b2_3b3_3b4_3b5_3b6_3b7_3b8" . "BrzCase_4_10_s67_12_2c14_2c10_2c9_2c13_2c1_m11m")
("BrzCase_4_4_s47_10_2c6m8_2c8_2c4m8_2c3m12_2c5m8_2c9_3b0_3b1_3b2" . "BrzCase_4_4_s47_10_2c6m8_2c8_2c4m8_2c3m12__m10m")
("BrzCase_3_3_s29_1_2c4_2c6_3b0_2c7_2c5_3b3_2c2" . "BrzCase_3_3_s29_1_2c4_2c6_3b0_2c7_2c5_3b3__m9m")
("BrzBinaryFuncConstR_16_16_1_s8_Subtract_s5_false_s5_false_s5_false_1" . "BrzBinaryFuncConstR_16_16_1_s8_Subtract_s5_m8m")
("BrzBinaryFuncConstR_16_16_1_s3_Add_s5_false_s5_false_s5_false_1" . "BrzBinaryFuncConstR_16_16_1_s3_Add_s5_fals_m7m")
("BrzBinaryFuncConstR_5_5_1_s8_Subtract_s5_false_s5_false_s5_false_1" . "BrzBinaryFuncConstR_5_5_1_s8_Subtract_s5_f_m6m")
("BrzBinaryFuncConstR_1_16_1_s11_GreaterThan_s5_false_s5_false_s5_false_0" . "BrzBinaryFuncConstR_1_16_1_s11_GreaterThan_m5m")
("BrzBinaryFuncConstR_1_5_1_s9_NotEquals_s5_false_s5_false_s5_false_0" . "BrzBinaryFuncConstR_1_5_1_s9_NotEquals_s5__m4m")
("BrzBinaryFunc_33_33_32_s3_Add_s5_false_s5_false_s5_false" . "BrzBinaryFunc_33_33_32_s3_Add_s5_false_s5__m3m")
("BrzBinaryFunc_18_17_17_s3_Add_s4_true_s4_true_s4_true" . "BrzBinaryFunc_18_17_17_s3_Add_s4_true_s4_t_m2m")
("BrzBinaryFunc_1_16_16_s11_GreaterThan_s5_false_s5_false_s5_false" . "BrzBinaryFunc_1_16_16_s11_GreaterThan_s5_f_m1m")
("BrzFalseVariable_12_14_s155_0_2e_2e3_3b4_2e_2e7_3b0_2e_2e3_3b4_2e_2e7_3b8_2e_2e11_3b4_2e_2e7_3b8_2e_2e11_3b0_2e_2e3_3b0_2e_2e3_3b8_2e_2e11_3b0_2e_2e3_3b8_2e_2e11_3b4_2e_2e7_3b0_2e_2e3" . "BrzFalseVariable_12_14_s155_0_2e_2e3_3b4_2_m35m")
("BrzFalseVariable_12_4_s42_0_2e_2e3_3b4_2e_2e7_3b8_2e_2e11_3b4_2e_2e7" . "BrzFalseVariable_12_4_s42_0_2e_2e3_3b4_2e__m34m")
("BrzFalseVariable_10_2_s19_4_2e_2e9_3b0_2e_2e3" . "BrzFalseVariable_10_2_s19_4_2e_2e9_3b0_2e__m33m")
("BrzFalseVariable_9_7_s74_5_2e_2e8_3b0_2e_2e3_3b0_2e_2e3_3b0_2e_2e3_3b0_2e_2e3_3b5_2e_2e8_3b4_2e_2e4" . "BrzFalseVariable_9_7_s74_5_2e_2e8_3b0_2e_2_m32m")
("BrzFalseVariable_8_3_s30_4_2e_2e7_3b0_2e_2e3_3b0_2e_2e3" . "BrzFalseVariable_8_3_s30_4_2e_2e7_3b0_2e_2_m31m")
("BrzFalseVariable_8_2_s19_0_2e_2e3_3b4_2e_2e7" . "BrzFalseVariable_8_2_s19_0_2e_2e3_3b4_2e_2_m30m")
("BrzBinaryFuncConstR_4_4_1_s8_Subtract_s5_false_s5_false_s5_false_1" . "BrzBinaryFuncConstR_4_4_1_s8_Subtract_s5_f_m29m")
("BrzBinaryFuncConstR_4_4_1_s3_Add_s5_false_s5_false_s5_false_1" . "BrzBinaryFuncConstR_4_4_1_s3_Add_s5_false__m28m")
("BrzBinaryFuncConstR_3_3_1_s8_Subtract_s5_false_s5_false_s5_false_1" . "BrzBinaryFuncConstR_3_3_1_s8_Subtract_s5_f_m27m")
("BrzBinaryFuncConstR_1_4_1_s11_GreaterThan_s5_false_s5_false_s5_false_0" . "BrzBinaryFuncConstR_1_4_1_s11_GreaterThan__m26m")
("BrzBinaryFuncConstR_1_3_1_s9_NotEquals_s5_false_s5_false_s5_false_0" . "BrzBinaryFuncConstR_1_3_1_s9_NotEquals_s5__m25m")
("BrzBinaryFunc_11_11_8_s3_Add_s5_false_s5_false_s5_false" . "BrzBinaryFunc_11_11_8_s3_Add_s5_false_s5_f_m24m")
("BrzBinaryFunc_7_6_6_s3_Add_s4_true_s4_true_s4_true" . "BrzBinaryFunc_7_6_6_s3_Add_s4_true_s4_true_m23m")
("BrzBinaryFunc_1_4_4_s11_GreaterThan_s5_false_s5_false_s5_false" . "BrzBinaryFunc_1_4_4_s11_GreaterThan_s5_fal_m22m")
("BrzFalseVariable_34_2_s22_16_2e_2e33_3b0_2e_2e15" . "BrzFalseVariable_34_2_s22_16_2e_2e33_3b0_2_m38m")
("BrzBinaryFunc_35_35_32_s3_Add_s5_false_s5_false_s5_false" . "BrzBinaryFunc_35_35_32_s3_Add_s5_false_s5__m37m")
("BrzBinaryFunc_19_18_18_s3_Add_s4_true_s4_true_s4_true" . "BrzBinaryFunc_19_18_18_s3_Add_s4_true_s4_t_m36m")
("BrzFalseVariable_35_2_s22_16_2e_2e34_3b0_2e_2e15" . "BrzFalseVariable_35_2_s22_16_2e_2e34_3b0_2_m40m")
("BrzBinaryFunc_20_19_19_s3_Add_s4_true_s4_true_s4_true" . "BrzBinaryFunc_20_19_19_s3_Add_s4_true_s4_t_m39m")
("BrzBinaryFunc_34_33_33_s3_Add_s4_true_s4_true_s4_true" . "BrzBinaryFunc_34_33_33_s3_Add_s4_true_s4_t_m41m")
("BrzBinaryFuncConstR_1_4_1_s9_NotEquals_s5_false_s5_false_s5_false_0" . "BrzBinaryFuncConstR_1_4_1_s9_NotEquals_s5__m42m")
("BrzFalseVariable_24_14_s163_0_2e_2e7_3b8_2e_2e15_3b0_2e_2e7_3b8_2e_2e15_3b16_2e_2e23_3b8_2e_2e15_3b16_2e_2e23_3b0_2e_2e7_3b0_2e_2e7_3b16_2e_2e23_3b0_2e_2e7_3b16_2e_2e23_3b8_2e_2e15_3b0_2e_2e7" . "BrzFalseVariable_24_14_s163_0_2e_2e7_3b8_2_m53m")
("BrzFalseVariable_24_4_s45_0_2e_2e7_3b8_2e_2e15_3b16_2e_2e23_3b8_2e_2e15" . "BrzFalseVariable_24_4_s45_0_2e_2e7_3b8_2e__m52m")
("BrzFalseVariable_17_2_s20_8_2e_2e16_3b0_2e_2e7" . "BrzFalseVariable_17_2_s20_8_2e_2e16_3b0_2e_m51m")
("BrzFalseVariable_16_3_s31_8_2e_2e15_3b0_2e_2e7_3b0_2e_2e7" . "BrzFalseVariable_16_3_s31_8_2e_2e15_3b0_2e_m50m")
("BrzFalseVariable_16_2_s20_0_2e_2e7_3b8_2e_2e15" . "BrzFalseVariable_16_2_s20_0_2e_2e7_3b8_2e__m49m")
("BrzFalseVariable_13_7_s76_9_2e_2e12_3b0_2e_2e7_3b0_2e_2e7_3b0_2e_2e7_3b0_2e_2e7_3b9_2e_2e12_3b8_2e_2e8" . "BrzFalseVariable_13_7_s76_9_2e_2e12_3b0_2e_m48m")
("BrzBinaryFuncConstR_8_8_1_s8_Subtract_s5_false_s5_false_s5_false_1" . "BrzBinaryFuncConstR_8_8_1_s8_Subtract_s5_f_m47m")
("BrzBinaryFuncConstR_8_8_1_s3_Add_s5_false_s5_false_s5_false_1" . "BrzBinaryFuncConstR_8_8_1_s3_Add_s5_false__m46m")
("BrzBinaryFuncConstR_1_8_1_s11_GreaterThan_s5_false_s5_false_s5_false_0" . "BrzBinaryFuncConstR_1_8_1_s11_GreaterThan__m45m")
("BrzBinaryFunc_10_9_9_s3_Add_s4_true_s4_true_s4_true" . "BrzBinaryFunc_10_9_9_s3_Add_s4_true_s4_tru_m44m")
("BrzBinaryFunc_1_8_8_s11_GreaterThan_s5_false_s5_false_s5_false" . "BrzBinaryFunc_1_8_8_s11_GreaterThan_s5_fal_m43m")
